// Jest Snapshot v1, https://goo.gl/fbAQLP

exports[`<Modal /> should render the modal 1`] = `
.c3 {
  -webkit-align-items: center;
  -webkit-box-align: center;
  -ms-flex-align: center;
  align-items: center;
  background-color: #FFFFFF;
  border-radius: 0.4rem;
  box-shadow: 0 0.6rem 2.4rem rgba(84,16,95,0.15);
  display: -webkit-box;
  display: -webkit-flex;
  display: -ms-flexbox;
  display: flex;
  -webkit-flex-direction: column;
  -ms-flex-direction: column;
  flex-direction: column;
  height: 100%;
  padding: 2.4rem;
  -webkit-transition: all 250ms ease-in-out;
  transition: all 250ms ease-in-out;
  width: 100%;
}

.c3 h4 {
  color: #333333;
  margin-bottom: 1.6rem;
  text-transform: uppercase;
}

.c3 div + div {
  margin-top: 2.4rem;
}

.c4 {
  max-width: 36rem;
  max-height: 36rem;
  position: relative;
  height: 35.6rem;
  width: 24rem;
  box-shadow: 0 0.6rem 2.4rem rgba(84,16,95,0.45);
}

.c5 {
  display: -webkit-box;
  display: -webkit-flex;
  display: -ms-flexbox;
  display: flex;
  -webkit-flex: 1;
  -ms-flex: 1;
  flex: 1;
  -webkit-flex-direction: column;
  -ms-flex-direction: column;
  flex-direction: column;
  -webkit-box-pack: justify;
  -webkit-justify-content: space-between;
  -ms-flex-pack: justify;
  justify-content: space-between;
  max-width: 40rem;
}

.c6 {
  margin-bottom: 0.8rem;
}

.c8 {
  display: -webkit-box;
  display: -webkit-flex;
  display: -ms-flexbox;
  display: flex;
  -webkit-flex-direction: row;
  -ms-flex-direction: row;
  flex-direction: row;
  -webkit-flex-wrap: wrap;
  -ms-flex-wrap: wrap;
  flex-wrap: wrap;
  -webkit-box-pack: start;
  -webkit-justify-content: start;
  -ms-flex-pack: start;
  justify-content: start;
}

.c9 {
  color: #AB2680;
  font-weight: 400;
  list-style: none;
  padding-right: 0.4rem;
}

.c7 {
  color: #333333;
  font-size: 2.8rem;
  line-height: 1.25;
  -webkit-letter-spacing: -0.025rem;
  -moz-letter-spacing: -0.025rem;
  -ms-letter-spacing: -0.025rem;
  letter-spacing: -0.025rem;
}

.c10 {
  display: -webkit-box;
  display: -webkit-flex;
  display: -ms-flexbox;
  display: flex;
  -webkit-flex-direction: column;
  -ms-flex-direction: column;
  flex-direction: column;
  margin-top: 0.4rem;
}

.c11 {
  display: -webkit-box;
  display: -webkit-flex;
  display: -ms-flexbox;
  display: flex;
  -webkit-box-pack: justify;
  -webkit-justify-content: space-between;
  -ms-flex-pack: justify;
  justify-content: space-between;
}

.c11 span:first-child {
  color: #333333;
  font-weight: 500;
}

.c12 {
  height: 100%;
}

.c12::-webkit-scrollbar {
  width: 0.4rem;
}

.c12::-webkit-scrollbar-track {
  background: transparent;
}

.c12::-webkit-scrollbar-thumb {
  background: #AB2680;
  border-radius: 1rem;
}

.c12::-webkit-scrollbar-thumb:hover {
  background: #AB2680;
  -webkit-filter: contrast(0.9);
  filter: contrast(0.9);
}

.c12::before {
  bottom: 0.2rem;
  content: url('/icons/quotes.svg');
  display: -webkit-inline-box;
  display: -webkit-inline-flex;
  display: -ms-inline-flexbox;
  display: inline-flex;
  height: 1.6rem;
  vertical-align: middle;
  margin-right: 0.4rem;
  position: relative;
  width: 1.4rem;
}

.c12 p {
  display: inline;
}

.c0 {
  -webkit-align-items: center;
  -webkit-box-align: center;
  -ms-flex-align: center;
  align-items: center;
  background: rgba(51,51,51,0.9);
  display: -webkit-box;
  display: -webkit-flex;
  display: -ms-flexbox;
  display: flex;
  height: 100%;
  -webkit-box-pack: center;
  -webkit-justify-content: center;
  -ms-flex-pack: center;
  justify-content: center;
  left: 0;
  position: fixed;
  top: 0;
  -webkit-transition: opacity 250ms ease-in;
  transition: opacity 250ms ease-in;
  width: 100%;
  z-index: 40;
  opacity: 0;
  pointer-events: none;
}

.c2 {
  max-width: 72rem;
  margin: 2.4rem;
  margin-top: 24rem;
  width: 100%;
}

.c1 {
  border: 1px solid #999999;
  border-radius: 9999px;
  cursor: pointer;
  height: 3.2rem;
  margin-right: 1.6rem;
  margin-top: 1.6rem;
  outline: none;
  padding: 0.6rem;
  position: absolute;
  right: 0;
  top: 0;
  -webkit-transition: all 250ms ease-in-out;
  transition: all 250ms ease-in-out;
  width: 3.2rem;
}

.c1 svg {
  height: 100%;
  width: 100%;
}

@media (min-width:768px) {
  .c3 {
    -webkit-flex-direction: row;
    -ms-flex-direction: row;
    flex-direction: row;
  }
}

@media (min-width:768px) {
  .c4 {
    margin-right: 3.2rem;
  }
}

@media (min-width:768px) {
  .c12 {
    height: 8rem;
    overflow-y: scroll;
  }
}

@media (max-width:1440px) {
  .c0 {
    overflow-x: hidden;
  }
}

@media (min-width:768px) {
  .c2 {
    margin-top: 0;
  }
}

<div
  aria-hidden="true"
  aria-label="modal"
  class="c0"
>
  <div
    aria-label="Fechar modal"
    class="c1"
    role="button"
  >
    <svg
      fill="none"
      viewBox="0 0 16 16"
      xmlns="http://www.w3.org/2000/svg"
    >
      <path
        d="m12.035 4.507.036-.036-.036-.035-.471-.471-.035-.036-.036.036L8 7.458 4.507 3.965l-.036-.036-.035.036-.471.471-.036.035.036.036L7.458 8l-3.493 3.493-.036.036.036.035.471.471.035.036.036-.036L8 8.542l3.493 3.493.036.036.035-.036.471-.471.036-.035-.036-.036L8.542 8l3.493-3.493Z"
        fill="currentColor"
        stroke="currentColor"
        stroke-width=".1"
      />
    </svg>
  </div>
  <div
    class="c2"
  >
    <div
      class="c3"
    >
      <div
        class="c4"
      >
        <img
          alt="Change By Design Second line exa"
          layout="fill"
          src="/img/full-book-img-placeholder.png"
        />
      </div>
      <div
        class="c5"
      >
        <div
          class="c6"
        >
          <h2
            class="c7"
          >
            Change By Design Second line exa
          </h2>
          <ul
            class="c8"
          >
            <li
              class="c9"
            >
              Nir Eyal
              ,
            </li>
            <li
              class="c9"
            >
              Ryan Hoover
              ,
            </li>
            <li
              class="c9"
            >
              John Dude
              ,
            </li>
            <li
              class="c9"
            >
              Carls Marg
              ,
            </li>
            <li
              class="c9"
            >
              Adam Paul
            </li>
          </ul>
        </div>
        <div
          class="c10"
        >
          <h4>
            Informações
          </h4>
          <ul>
            <li
              class="c11"
            >
              <span>
                Páginas
              </span>
              <span>
                150
                 páginas
              </span>
            </li>
            <li
              class="c11"
            >
              <span>
                Editora
              </span>
              <span>
                Editora 
                Loyola
              </span>
            </li>
            <li
              class="c11"
            >
              <span>
                Publicação
              </span>
              <span>
                2020
              </span>
            </li>
            <li
              class="c11"
            >
              <span>
                Idioma
              </span>
              <span>
                Inglês
              </span>
            </li>
            <li
              class="c11"
            >
              <span>
                ISBN-10
              </span>
              <span>
                0062856626
              </span>
            </li>
            <li
              class="c11"
            >
              <span>
                ISBN-13
              </span>
              <span>
                978-0062856623
              </span>
            </li>
          </ul>
        </div>
        <div
          class=""
        >
          <h4>
            Resenha da Editora
          </h4>
          <blockquote
            class="c12"
          >
            <p>
              The subject of “design thinking” is the rage at business schools, throughout corporations, and increasingly in the popular press—due in large part to the work of IDEO, a leading design firm, and its celebrated CEO, Tim Brown, who uses this book to show how the techniques and strategies of design belong at every level of business.
            </p>
          </blockquote>
        </div>
      </div>
    </div>
  </div>
</div>
`
